// Jest Snapshot v1, https://goo.gl/fbAQLP

exports[`IndividualsData mock query for getIndividuals 1`] = `
<individualsgrid-stub
  individuals=""
/>
`;
